// Jest Snapshot v1, https://goo.gl/fbAQLP

exports[`Banner should render correctly 1`] = `
<div>
  <div
    class="relative bg-red-500 transform ease-out duration-300 transition translate-y-2 opacity-0 sm:translate-y-0 sm:translate-x-2"
    data-testid="banner"
  >
    <div
      class="mx-auto max-w-7xl py-3 px-3 sm:px-6 lg:px-8"
    >
      <div
        class="pr-16 sm:px-16 sm:text-center"
      >
        <p
          class="flex items-center justify-center font-medium text-white"
        >
          <svg
            aria-hidden="true"
            class="mr-1 h-6 w-6 text-red-50"
            fill="none"
            stroke="currentColor"
            stroke-width="2"
            viewBox="0 0 24 24"
            xmlns="http://www.w3.org/2000/svg"
          >
            <path
              d="M12 8v4m0 4h.01M21 12a9 9 0 11-18 0 9 9 0 0118 0z"
              stroke-linecap="round"
              stroke-linejoin="round"
            />
          </svg>
          <span
            class="inline"
          >
            Error message
          </span>
        </p>
      </div>
      <div
        class="absolute inset-y-0 right-0 flex items-start pt-1 pr-1 sm:items-start sm:pt-1 sm:pr-2"
      >
        <button
          class="hover:bg-red-700 flex rounded-md p-2 focus:outline-none focus:ring-2 focus:ring-white"
          data-testid="dismiss-button"
          type="button"
        >
          <span
            class="sr-only"
          >
            Dismiss
          </span>
          <svg
            aria-hidden="true"
            class="h-6 w-6 text-white"
            fill="none"
            stroke="currentColor"
            stroke-width="2"
            viewBox="0 0 24 24"
            xmlns="http://www.w3.org/2000/svg"
          >
            <path
              d="M6 18L18 6M6 6l12 12"
              stroke-linecap="round"
              stroke-linejoin="round"
            />
          </svg>
        </button>
      </div>
    </div>
  </div>
</div>
`;
