// Jest Snapshot v1, https://goo.gl/fbAQLP

exports[`Forgot Password Form renders correctly 1`] = `
Object {
  "asFragment": [Function],
  "baseElement": <body>
    <div>
      
      <div
        class="flex min-h-full items-center justify-center py-12 px-4 sm:px-6 lg:px-8"
      >
        <div
          class="w-full max-w-md space-y-8"
        >
          <div
            class="flex flex-col items-center justify-center"
          >
            <img
              alt="weginsurance logo"
              layout="constrained"
              placeholder="blurred"
              src="../../images/weginsurance_logo.jpeg"
            />
            <h2
              class="mt-6 text-center text-3xl font-extrabold text-gray-900"
            >
              Recuperar la cuenta
            </h2>
            <p
              class="mt-2 text-center text-sm text-gray-600"
            >
              Escriba el correo para recibir un link para recuperar la cuenta
            </p>
          </div>
          <form
            class="space-y-6"
          >
            <div>
              <label
                class="block text-sm font-medium text-gray-700"
                for="email"
              >
                Correo Electronico
              </label>
              <div
                class="mt-1"
              >
                <input
                  autocomplete="email"
                  class="block w-full appearance-none rounded-md border border-gray-300 px-3 py-2 placeholder-gray-400 shadow-sm focus:border-sky-500 focus:outline-none focus:ring-sky-500 sm:text-sm"
                  data-testid="email-address"
                  id="email-address"
                  name="email"
                  type="email"
                  value=""
                />
                <p
                  class="mt-2 text-sm text-red-600"
                  id="email-error"
                />
              </div>
            </div>
            <div>
              <button
                class="group relative flex w-full justify-center rounded-md border border-transparent bg-gray-400 px-4 py-2 text-sm font-medium text-white  focus:outline-none focus:ring-2 focus:ring-gray-500 focus:ring-offset-2"
                data-testid="submit-button"
                disabled=""
              >
                <span
                  class="absolute inset-y-0 left-0 flex items-center pl-3"
                >
                  <svg
                    aria-hidden="true"
                    class="h-5 w-5 text-gray-500"
                    fill="currentColor"
                    viewBox="0 0 20 20"
                    xmlns="http://www.w3.org/2000/svg"
                  >
                    <path
                      clip-rule="evenodd"
                      d="M5 9V7a5 5 0 0110 0v2a2 2 0 012 2v5a2 2 0 01-2 2H5a2 2 0 01-2-2v-5a2 2 0 012-2zm8-2v2H7V7a3 3 0 016 0z"
                      fill-rule="evenodd"
                    />
                  </svg>
                </span>
                Enviar correo
              </button>
            </div>
          </form>
          <div
            class="flex items-center justify-end"
          >
            <div
              class="text-sm"
            >
              <a
                class="font-medium text-sky-600 hover:text-sky-500"
                data-testid="sign-in-link"
                href="/auth/login"
              >
                Regresar a la pagina de inicio de sesión
              </a>
            </div>
          </div>
        </div>
      </div>
    </div>
  </body>,
  "container": <div>
    
    <div
      class="flex min-h-full items-center justify-center py-12 px-4 sm:px-6 lg:px-8"
    >
      <div
        class="w-full max-w-md space-y-8"
      >
        <div
          class="flex flex-col items-center justify-center"
        >
          <img
            alt="weginsurance logo"
            layout="constrained"
            placeholder="blurred"
            src="../../images/weginsurance_logo.jpeg"
          />
          <h2
            class="mt-6 text-center text-3xl font-extrabold text-gray-900"
          >
            Recuperar la cuenta
          </h2>
          <p
            class="mt-2 text-center text-sm text-gray-600"
          >
            Escriba el correo para recibir un link para recuperar la cuenta
          </p>
        </div>
        <form
          class="space-y-6"
        >
          <div>
            <label
              class="block text-sm font-medium text-gray-700"
              for="email"
            >
              Correo Electronico
            </label>
            <div
              class="mt-1"
            >
              <input
                autocomplete="email"
                class="block w-full appearance-none rounded-md border border-gray-300 px-3 py-2 placeholder-gray-400 shadow-sm focus:border-sky-500 focus:outline-none focus:ring-sky-500 sm:text-sm"
                data-testid="email-address"
                id="email-address"
                name="email"
                type="email"
                value=""
              />
              <p
                class="mt-2 text-sm text-red-600"
                id="email-error"
              />
            </div>
          </div>
          <div>
            <button
              class="group relative flex w-full justify-center rounded-md border border-transparent bg-gray-400 px-4 py-2 text-sm font-medium text-white  focus:outline-none focus:ring-2 focus:ring-gray-500 focus:ring-offset-2"
              data-testid="submit-button"
              disabled=""
            >
              <span
                class="absolute inset-y-0 left-0 flex items-center pl-3"
              >
                <svg
                  aria-hidden="true"
                  class="h-5 w-5 text-gray-500"
                  fill="currentColor"
                  viewBox="0 0 20 20"
                  xmlns="http://www.w3.org/2000/svg"
                >
                  <path
                    clip-rule="evenodd"
                    d="M5 9V7a5 5 0 0110 0v2a2 2 0 012 2v5a2 2 0 01-2 2H5a2 2 0 01-2-2v-5a2 2 0 012-2zm8-2v2H7V7a3 3 0 016 0z"
                    fill-rule="evenodd"
                  />
                </svg>
              </span>
              Enviar correo
            </button>
          </div>
        </form>
        <div
          class="flex items-center justify-end"
        >
          <div
            class="text-sm"
          >
            <a
              class="font-medium text-sky-600 hover:text-sky-500"
              data-testid="sign-in-link"
              href="/auth/login"
            >
              Regresar a la pagina de inicio de sesión
            </a>
          </div>
        </div>
      </div>
    </div>
  </div>,
  "debug": [Function],
  "findAllByAltText": [Function],
  "findAllByDisplayValue": [Function],
  "findAllByLabelText": [Function],
  "findAllByPlaceholderText": [Function],
  "findAllByRole": [Function],
  "findAllByTestId": [Function],
  "findAllByText": [Function],
  "findAllByTitle": [Function],
  "findByAltText": [Function],
  "findByDisplayValue": [Function],
  "findByLabelText": [Function],
  "findByPlaceholderText": [Function],
  "findByRole": [Function],
  "findByTestId": [Function],
  "findByText": [Function],
  "findByTitle": [Function],
  "getAllByAltText": [Function],
  "getAllByDisplayValue": [Function],
  "getAllByLabelText": [Function],
  "getAllByPlaceholderText": [Function],
  "getAllByRole": [Function],
  "getAllByTestId": [Function],
  "getAllByText": [Function],
  "getAllByTitle": [Function],
  "getByAltText": [Function],
  "getByDisplayValue": [Function],
  "getByLabelText": [Function],
  "getByPlaceholderText": [Function],
  "getByRole": [Function],
  "getByTestId": [Function],
  "getByText": [Function],
  "getByTitle": [Function],
  "queryAllByAltText": [Function],
  "queryAllByDisplayValue": [Function],
  "queryAllByLabelText": [Function],
  "queryAllByPlaceholderText": [Function],
  "queryAllByRole": [Function],
  "queryAllByTestId": [Function],
  "queryAllByText": [Function],
  "queryAllByTitle": [Function],
  "queryByAltText": [Function],
  "queryByDisplayValue": [Function],
  "queryByLabelText": [Function],
  "queryByPlaceholderText": [Function],
  "queryByRole": [Function],
  "queryByTestId": [Function],
  "queryByText": [Function],
  "queryByTitle": [Function],
  "rerender": [Function],
  "unmount": [Function],
}
`;
