// Jest Snapshot v1, https://goo.gl/fbAQLP

exports[`Loader should render the Loader component 1`] = `
<div>
  <div
    class="flex min-h-screen items-center justify-center"
  >
    <div
      class="bg-white"
    >
      <div
        class="mx-auto max-w-7xl py-16 px-4 sm:py-24 sm:px-6 lg:px-8"
      >
        <div
          class="text-center"
        >
          <h2
            class="animate-pulse text-base font-bold uppercase tracking-wide text-sky-600"
          >
            Cargando...
          </h2>
          <p
            class="mt-1 text-4xl font-extrabold text-sky-900 sm:tracking-tight"
          >
            Un momento por favor
          </p>
          <svg
            class="mx-auto mt-5 h-8 w-8 max-w-xl animate-spin text-sky-600"
            fill="none"
            viewBox="0 0 24 24"
            xmlns="http://www.w3.org/2000/svg"
          >
            <circle
              class="opacity-25"
              cx="12"
              cy="12"
              r="10"
              stroke="currentColor"
              stroke-width="4"
            />
            <path
              class="opacity-75"
              d="M4 12a8 8 0 018-8V0C5.373 0 0 5.373 0 12h4zm2 5.291A7.962 7.962 0 014 12H0c0 3.042 1.135 5.824 3 7.938l3-2.647z"
              fill="currentColor"
            />
          </svg>
        </div>
      </div>
    </div>
  </div>
</div>
`;
