// Jest Snapshot v1, https://goo.gl/fbAQLP

exports[`Screen should render correctly 1`] = `
<div>
  <main
    class="py-10"
  >
    <div>
      This is the Statistics WHAT
    </div>
  </main>
</div>
`;
