// Jest Snapshot v1, https://goo.gl/fbAQLP

exports[`Switcher should render correctly 1`] = `
<div>
  <button
    class="bg-sky-800 text-white group flex w-full items-center rounded-md px-2 py-2 text-base font-medium"
  >
    <svg
      aria-hidden="true"
      class="mr-4 h-6 w-6 flex-shrink-0 text-sky-300"
      fill="none"
      stroke="currentColor"
      stroke-width="2"
      viewBox="0 0 24 24"
      xmlns="http://www.w3.org/2000/svg"
    >
      <path
        d="M3 12l2-2m0 0l7-7 7 7M5 10v10a1 1 0 001 1h3m10-11l2 2m-2-2v10a1 1 0 01-1 1h-3m-6 0a1 1 0 001-1v-4a1 1 0 011-1h2a1 1 0 011 1v4a1 1 0 001 1m-6 0h6"
        stroke-linecap="round"
        stroke-linejoin="round"
      />
    </svg>
    Dashboard
  </button>
  <button
    class="text-white hover:bg-sky-600 group flex w-full items-center rounded-md px-2 py-2 text-base font-medium"
  >
    <svg
      aria-hidden="true"
      class="mr-4 h-6 w-6 flex-shrink-0 text-sky-300"
      fill="none"
      stroke="currentColor"
      stroke-width="2"
      viewBox="0 0 24 24"
      xmlns="http://www.w3.org/2000/svg"
    >
      <path
        d="M12 4.354a4 4 0 110 5.292M15 21H3v-1a6 6 0 0112 0v1zm0 0h6v-1a6 6 0 00-9-5.197M13 7a4 4 0 11-8 0 4 4 0 018 0z"
        stroke-linecap="round"
        stroke-linejoin="round"
      />
    </svg>
    Clientes
  </button>
  <button
    class="text-white hover:bg-sky-600 group flex w-full items-center rounded-md px-2 py-2 text-base font-medium"
  >
    <svg
      aria-hidden="true"
      class="mr-4 h-6 w-6 flex-shrink-0 text-sky-300"
      fill="none"
      stroke="currentColor"
      stroke-width="2"
      viewBox="0 0 24 24"
      xmlns="http://www.w3.org/2000/svg"
    >
      <path
        d="M3 7v10a2 2 0 002 2h14a2 2 0 002-2V9a2 2 0 00-2-2h-6l-2-2H5a2 2 0 00-2 2z"
        stroke-linecap="round"
        stroke-linejoin="round"
      />
    </svg>
    Chat
  </button>
</div>
`;
